x3-base-r1	M9_NONE=1 --cpu interpreter	8.671	NA	NA		10.525738	04e4b9c34e5b7225	986787919	178662558	quiet
x3-m0-r1	M9_MODE=0 --cpu interpreter	9.462	9.766	37.975	688944043	10.525738	04e4b9c34e5b7225	986787919	178662558	quiet
x3-m1-r1	M9_MODE=1 --cpu interpreter	8.527	8.844	34.361	62632064	10.525737	04e4b9c34e5b7225	986787858	178663974	quiet
x3-b64-r1	M9_MODE=2 M9_BATCH=64 --cpu interpreter	9.361	9.625	37.520	25851924	10.525737	04e4b9c34e5b7225	986787872	178659009	busy
x3-b512-r1	M9_MODE=2 M9_BATCH=512 --cpu interpreter	6.526	6.797	26.581	3752734	10.525740	04e4b9c34e5b7225	986788136	178663377	quiet
x3-b4096-r1	M9_MODE=2 M9_BATCH=4096 --cpu interpreter	6.576	6.891	26.810	479661	10.525786	04e4b9c34e5b7225	986792462	178640028	busy
x3-base-r2	M9_NONE=1 --cpu interpreter	12.528	NA	NA		10.525738	04e4b9c34e5b7225	986787919	178662558	quiet
x3-m0-r2	M9_MODE=0 --cpu interpreter	14.114	14.328	56.065	688944043	10.525738	04e4b9c34e5b7225	986787919	178662558	busy
x3-m1-r2	M9_MODE=1 --cpu interpreter	8.414	8.750	33.830	62632064	10.525737	04e4b9c34e5b7225	986787858	178663974	busy
x3-b64-r2	M9_MODE=2 M9_BATCH=64 --cpu interpreter	7.112	7.453	28.997	25851924	10.525737	04e4b9c34e5b7225	986787872	178659009	busy
x3-b512-r2	M9_MODE=2 M9_BATCH=512 --cpu interpreter	6.992	7.344	28.375	3752734	10.525740	04e4b9c34e5b7225	986788136	178663377	quiet
x3-b4096-r2	M9_MODE=2 M9_BATCH=4096 --cpu interpreter	9.327	9.141	35.379	479661	10.525786	04e4b9c34e5b7225	986792462	178640028	busy
x3-base-r3	M9_NONE=1 --cpu interpreter	13.807	NA	NA		10.525738	04e4b9c34e5b7225	986787919	178662558	busy
x3-m0-r3	M9_MODE=0 --cpu interpreter	17.223	16.359	63.880	688944043	10.525738	04e4b9c34e5b7225	986787919	178662558	quiet
x3-m1-r3	M9_MODE=1 --cpu interpreter	10.768	10.609	40.916	62632064	10.525737	04e4b9c34e5b7225	986787858	178663974	busy
x3-b64-r3	M9_MODE=2 M9_BATCH=64 --cpu interpreter	7.938	8.250	32.160	25851924	10.525737	04e4b9c34e5b7225	986787872	178659009	quiet
x3-b512-r3	M9_MODE=2 M9_BATCH=512 --cpu interpreter	7.233	7.562	29.409	3752734	10.525740	04e4b9c34e5b7225	986788136	178663377	quiet
x3-b4096-r3	M9_MODE=2 M9_BATCH=4096 --cpu interpreter	11.826	11.266	43.905	479661	10.525786	04e4b9c34e5b7225	986792462	178640028	busy
x3-base-r4	M9_NONE=1 --cpu interpreter	8.809	NA	NA		10.525738	04e4b9c34e5b7225	986787919	178662558	quiet
x3-m0-r4	M9_MODE=0 --cpu interpreter	9.586	9.922	38.518	688944043	10.525738	04e4b9c34e5b7225	986787919	178662558	quiet
x3-m1-r4	M9_MODE=1 --cpu interpreter	7.054	7.359	28.731	62632064	10.525737	04e4b9c34e5b7225	986787858	178663974	quiet
x3-b64-r4	M9_MODE=2 M9_BATCH=64 --cpu interpreter	9.439	9.578	37.487	25851924	10.525737	04e4b9c34e5b7225	986787872	178659009	busy
x3-b512-r4	M9_MODE=2 M9_BATCH=512 --cpu interpreter	6.611	6.953	27.031	3752734	10.525740	04e4b9c34e5b7225	986788136	178663377	busy
x3-b4096-r4	M9_MODE=2 M9_BATCH=4096 --cpu interpreter	6.746	7.094	27.517	479661	10.525786	04e4b9c34e5b7225	986792462	178640028	quiet
x3-base-r5	M9_NONE=1 --cpu interpreter	8.751	NA	NA		10.525738	04e4b9c34e5b7225	986787919	178662558	quiet
x3-m0-r5	M9_MODE=0 --cpu interpreter	9.898	10.109	39.460	688944043	10.525738	04e4b9c34e5b7225	986787919	178662558	busy
x3-m1-r5	M9_MODE=1 --cpu interpreter	7.583	7.844	30.614	62632064	10.525737	04e4b9c34e5b7225	986787858	178663974	busy
x3-b64-r5	M9_MODE=2 M9_BATCH=64 --cpu interpreter	8.441	8.781	33.951	25851924	10.525737	04e4b9c34e5b7225	986787872	178659009	busy
x3-b512-r5	M9_MODE=2 M9_BATCH=512 --cpu interpreter	7.181	7.422	29.215	3752734	10.525740	04e4b9c34e5b7225	986788136	178663377	busy
x3-b4096-r5	M9_MODE=2 M9_BATCH=4096 --cpu interpreter	9.577	9.906	38.643	479661	10.525786	04e4b9c34e5b7225	986792462	178640028	busy
x3-base-r6	M9_NONE=1 --cpu interpreter	8.525	NA	NA		10.525738	04e4b9c34e5b7225	986787919	178662558	quiet
x3-m0-r6	M9_MODE=0 --cpu interpreter	9.566	9.875	38.429	688944043	10.525738	04e4b9c34e5b7225	986787919	178662558	quiet
x3-m1-r6	M9_MODE=1 --cpu interpreter	6.910	7.250	28.172	62632064	10.525737	04e4b9c34e5b7225	986787858	178663974	quiet
x3-b64-r6	M9_MODE=2 M9_BATCH=64 --cpu interpreter	6.666	7.016	27.207	25851924	10.525737	04e4b9c34e5b7225	986787872	178659009	quiet
x3-b512-r6	M9_MODE=2 M9_BATCH=512 --cpu interpreter	6.384	6.703	26.084	3752734	10.525740	04e4b9c34e5b7225	986788136	178663377	quiet
x3-b4096-r6	M9_MODE=2 M9_BATCH=4096 --cpu interpreter	6.179	6.531	25.320	479661	10.525786	04e4b9c34e5b7225	986792462	178640028	quiet
x3-base-r7	M9_NONE=1 --cpu interpreter	8.507	NA	NA		10.525738	04e4b9c34e5b7225	986787919	178662558	quiet
x3-m0-r7	M9_MODE=0 --cpu interpreter	9.276	9.516	37.286	688944043	10.525738	04e4b9c34e5b7225	986787919	178662558	quiet
x3-m1-r7	M9_MODE=1 --cpu interpreter	6.983	7.281	28.439	62632064	10.525737	04e4b9c34e5b7225	986787858	178663974	quiet
x3-b64-r7	M9_MODE=2 M9_BATCH=64 --cpu interpreter	7.302	7.625	29.638	25851924	10.525737	04e4b9c34e5b7225	986787872	178659009	quiet
x3-b512-r7	M9_MODE=2 M9_BATCH=512 --cpu interpreter	6.367	6.688	26.069	3752734	10.525740	04e4b9c34e5b7225	986788136	178663377	quiet
x3-b4096-r7	M9_MODE=2 M9_BATCH=4096 --cpu interpreter	6.319	6.672	25.895	479661	10.525786	04e4b9c34e5b7225	986792462	178640028	quiet
x3-base-r8	M9_NONE=1 --cpu interpreter	8.592	NA	NA		10.525738	04e4b9c34e5b7225	986787919	178662558	quiet
x3-m0-r8	M9_MODE=0 --cpu interpreter	10.074	10.312	40.233	688944043	10.525738	04e4b9c34e5b7225	986787919	178662558	quiet
x3-m1-r8	M9_MODE=1 --cpu interpreter	7.146	7.469	29.076	62632064	10.525737	04e4b9c34e5b7225	986787858	178663974	quiet
x3-b64-r8	M9_MODE=2 M9_BATCH=64 --cpu interpreter	6.773	7.078	27.633	25851924	10.525737	04e4b9c34e5b7225	986787872	178659009	quiet
x3-b512-r8	M9_MODE=2 M9_BATCH=512 --cpu interpreter	6.784	7.047	27.472	3752734	10.525740	04e4b9c34e5b7225	986788136	178663377	quiet
x3-b4096-r8	M9_MODE=2 M9_BATCH=4096 --cpu interpreter	6.184	6.484	25.325	479661	10.525786	04e4b9c34e5b7225	986792462	178640028	quiet
x3-base-r9	M9_NONE=1 --cpu interpreter	8.599	NA	NA		10.525738	04e4b9c34e5b7225	986787919	178662558	quiet
x3-m0-r9	M9_MODE=0 --cpu interpreter	9.788	10.078	39.279	688944043	10.525738	04e4b9c34e5b7225	986787919	178662558	quiet
x3-m1-r9	M9_MODE=1 --cpu interpreter	7.569	7.906	30.649	62632064	10.525737	04e4b9c34e5b7225	986787858	178663974	quiet
x3-b64-r9	M9_MODE=2 M9_BATCH=64 --cpu interpreter	9.518	9.703	37.807	25851924	10.525737	04e4b9c34e5b7225	986787872	178659009	quiet
x3-b512-r9	M9_MODE=2 M9_BATCH=512 --cpu interpreter	6.693	7.078	27.470	3752734	10.525740	04e4b9c34e5b7225	986788136	178663377	quiet
x3-b4096-r9	M9_MODE=2 M9_BATCH=4096 --cpu interpreter	6.891	7.109	28.008	479661	10.525786	04e4b9c34e5b7225	986792462	178640028	quiet
x3-base-r10	M9_NONE=1 --cpu interpreter	12.486	NA	NA		10.525738	04e4b9c34e5b7225	986787919	178662558	quiet
x3-m0-r10	M9_MODE=0 --cpu interpreter	9.623	9.953	38.655	688944043	10.525738	04e4b9c34e5b7225	986787919	178662558	busy
x3-m1-r10	M9_MODE=1 --cpu interpreter	7.115	7.453	28.865	62632064	10.525737	04e4b9c34e5b7225	986787858	178663974	quiet
x3-b64-r10	M9_MODE=2 M9_BATCH=64 --cpu interpreter	6.821	7.125	27.783	25851924	10.525737	04e4b9c34e5b7225	986787872	178659009	busy
x3-b512-r10	M9_MODE=2 M9_BATCH=512 --cpu interpreter	7.418	7.719	30.058	3752734	10.525740	04e4b9c34e5b7225	986788136	178663377	quiet
x3-b4096-r10	M9_MODE=2 M9_BATCH=4096 --cpu interpreter	7.281	7.656	29.810	479661	10.525786	04e4b9c34e5b7225	986792462	178640028	busy
